
=== abk (65 products) ===
  title: 'Concrete Ash ΓÇö Blend'
  category: 'placi ceramice'
  collection: 'Blend'
  sizes: '120x120 (48"x48"), 60x120 (24ΓÇ¥x48ΓÇ¥), 90x90 (36"x36"), 60x60 (24ΓÇ¥x24ΓÇ¥), 30x60 ...'
  thickness: ''
  material: 'Full body porcelain'
  finishes: 'Natural, Honed, Antislippery R11, P.tech'
  shape: ''
  description: 'The industrial look of concrete meets the multicoloured textures of terrazzo in a decidedly contempo...'

  title: 'Concrete Grey ΓÇö Blend'
  category: 'placi ceramice'
  collection: 'Blend'
  sizes: '120x120 (48"x48"), 60x120 (24ΓÇ¥x48ΓÇ¥), 90x90 (36"x36"), 60x60 (24ΓÇ¥x24ΓÇ¥), 30x60 ...'
  thickness: ''
  material: 'Full body porcelain'
  finishes: 'Natural, Honed, Antislippery R11, P.tech'
  shape: ''
  description: 'The industrial look of concrete meets the multicoloured textures of terrazzo in a decidedly contempo...'


=== bathco (127 products) ===
  title: 'Tasos high'
  category: 'sanitare'
  collection: 'Tasos'
  sizes: 'Diameter: 50mm | High: 310mm'
  thickness: ''
  material: 'Metal'
  shape: ''
  description: 'Elevated chrome design, designed to accompany countertop washbasins. A piece that adds height and vi...'

  title: 'Tasos low'
  category: 'sanitare'
  collection: 'Tasos'
  sizes: 'Diameter: 50mm | High: 180mm'
  thickness: ''
  material: 'Metal'
  shape: ''
  description: 'Low version for washbasin, with chrome finish and essential design. Practical functionality in a com...'


=== casalgrande padana (63 products) ===
  title: 'Elements Pebbles Beige'
  category: 'placi ceramice'
  collection: 'Elements Pebbles'
  sizes: '120 x 120 cm, 120 x 278 cm, 30 x 60 cm, 60 x 120 cm, 60 x 60 cm, 90 x 90 cm'
  thickness: '20mm, 6mm, 9mm'
  material: 'Porcelain stoneware'
  finishes: 'Bocciardata R11, Natural R10'
  shape: ''
  description: 'Casalgrande Padana presents Elements , its new collection of porcelain stoneware tiles that comes in...'

  title: 'Elements Pebbles Black'
  category: 'placi ceramice'
  collection: 'Elements Pebbles'
  sizes: '120 x 120 cm, 120 x 278 cm, 30 x 60 cm, 60 x 120 cm, 60 x 60 cm, 90 x 90 cm'
  thickness: '20mm, 6mm, 9mm'
  material: 'Porcelain stoneware'
  finishes: 'Bocciardata R11, Natural R10'
  shape: ''
  description: 'Casalgrande Padana presents Elements , its new collection of porcelain stoneware tiles that comes in...'


=== euval (23 products) ===
  title: '92.50 Carbi -- White Carrara Marble Aggregate Terrazzo for Modern Style'
  category: 'terrazzo'
  collection: 'Standard'
  sizes: ''
  thickness: ''
  material: 'Terrazzo'
  finishes: 'R9, R10, R11'
  shape: ''
  description: 'White Carrara Marble Aggregate Terrazzo for Modern Style'

  title: '92.40 ESCO -- Terrazzo with White and Ebony Marble Aggregates for Modern Design'
  category: 'terrazzo'
  collection: 'Standard'
  sizes: ''
  thickness: ''
  material: 'Terrazzo'
  finishes: 'R9, R10, R11'
  shape: ''
  description: 'Terrazzo with White and Ebony Marble Aggregates for Modern Design'


=== fantini sanitare (51 products) ===
  title: 'Nostromo - Baterie joas─â'
  category: 'sanitare'
  collection: 'Davide Mercatali'
  sizes: ''
  thickness: ''
  material: 'Brass'
  finishes: 'Brushed Stainless Steel, Chrome, Deep Black Pvd, Matte Black, Matte British G...'
  shape: ''
  description: 'Single-control washbasin mixer, cylindrical handle\n\n- Design: Davide Mercatali\n- Collection: Fantini...'

  title: 'Nostromo - Baterie ├«nalt─â'
  category: 'sanitare'
  collection: 'Davide Mercatali'
  sizes: ''
  thickness: ''
  material: 'Brass'
  finishes: 'Brushed Stainless Steel, Chrome, Deep Black Pvd, Matte Black, Matte British G...'
  shape: ''
  description: 'Single-control vessel mixer, cylindrical handle\n\n- Design: Davide Mercatali\n- Collection: Fantini\n- ...'


=== fir italia (11 products) ===
  title: 'CleoSteel - Baterie joas─â'
  category: 'sanitare'
  collection: 'CleoSteel 48'
  sizes: ''
  thickness: ''
  material: 'Stainless Steel AISI 316L'
  finishes: 'Stainless Steel'
  shape: ''
  description: 'Wash basin mixer, 189 mm high, center distance 145 mm long, WITH CLIC/CLAC POP-UP DRAIN.'

  title: 'CleoSteel - Baterie ├«nalt─â'
  category: 'sanitare'
  collection: 'CleoSteel 48'
  sizes: ''
  thickness: ''
  material: 'Stainless Steel AISI 316L'
  finishes: 'Stainless Steel'
  shape: ''
  description: 'Wash basin mixer, 340 mm high, center distance 145 mm long, WITH CLIC/CLAC POP-UP DRAIN.'


=== fondovalle ceramice (76 products) ===
  title: 'Sugar'
  category: 'ceramice'
  collection: 'Homescape'
  sizes: '120x278x0.6 cm, 120x120x0.6 cm, 60x120x0.85 cm'
  thickness: '6 mm / 0.24" - 8,5 mm / 0.33"'
  material: 'Ceramic'
  finishes: 'Natural'
  shape: ''
  cut: ''
  description: 'We find ourselves in a dreamlike setting, immersed in the French countryside, where - surrounded by ...'

  title: 'Clay'
  category: 'ceramice'
  collection: 'Homescape'
  sizes: '120x278x0.6 cm, 120x120x0.6 cm, 60x120x0.85 cm'
  thickness: '6 mm / 0.24" - 8,5 mm / 0.33"'
  material: 'Ceramic'
  finishes: 'Natural'
  shape: ''
  cut: ''
  description: 'We find ourselves in a dreamlike setting, immersed in the French countryside, where - surrounded by ...'


=== fondovalle mobilier (10 products) ===
  title: 'Blunt medium & small'
  category: 'mobilier'
  collection: 'FONDOVALLE'
  sizes: ''
  thickness: ''
  material: ''
  finishes: ''
  shape: ''
  cut: ''
  description: ''

  title: 'Blunt ext'
  category: 'mobilier'
  collection: 'FONDOVALLE'
  sizes: ''
  thickness: ''
  material: ''
  finishes: ''
  shape: ''
  cut: ''
  description: ''


=== grandinetti (105 products) ===
  title: '76 Rosso Diavolo'
  category: 'terrazzo'
  collection: 'Terrazzo'
  sizes: '10x10x1.2CM, 20x20x1.2CM, 20x20x1.3CM, 20x20x2CM, 25x25x2CM, 305x125x2CM, 305...'
  thickness: ''
  material: ''
  finishes: 'Antique, Heavy Brushed (R10), Honed, Honed And Bevelled, Opaque (To Be Polish...'
  shape: ''
  cut: ''
  description: ''

  title: '78 Bianco'
  category: 'terrazzo'
  collection: 'Terrazzo'
  sizes: '10x10x1.2CM, 20x20x1.2CM, 20x20x1.3CM, 20x20x2CM, 25x25x2CM, 305x125x2CM, 305...'
  thickness: ''
  material: ''
  finishes: 'Antique, Heavy Brushed (R10), Honed, Honed And Bevelled, Opaque (To Be Polish...'
  shape: ''
  cut: ''
  description: ''


=== gsg sanitare (27 products) ===
  title: 'Petra - Vas de toalet─â cu picior'
  category: 'sanitare'
  collection: 'Petra'
  sizes: ''
  thickness: ''
  material: 'Ceramica'
  finishes: 'Bianco lucido cod.000, Bianco matt cod.001, Bicolore cipria satinato, Bicolor...'
  shape: ''
  description: ''

  title: 'Petra - Vas de toalet─â suspendat'
  category: 'sanitare'
  collection: 'Petra'
  sizes: ''
  thickness: ''
  material: 'Ceramica'
  finishes: 'Bianco lucido cod.000, Bianco matt cod.001, Bicolore cipria satinato, Bicolor...'
  shape: ''
  description: ''


=== milano (57 products) ===
  title: 'Listone Maestro Rovere Naturale'
  category: 'parchet'
  collection: 'Prefiniti Classici'
  sizes: '90 mm, 600/1200 ca. mm'
  thickness: ''
  material: 'Stejar'
  finishes: 'Neted, Periat'
  shape: ''
  cut: 'PLACI'
  description: ''

  title: 'Listone Maestro Teak'
  category: 'parchet'
  collection: 'Prefiniti Classici'
  sizes: '90 mm, 600/1200 ca. mm'
  thickness: ''
  material: 'Tec'
  finishes: 'Neted'
  shape: ''
  cut: ''
  description: ''


=== more mobilier (16 products) ===
  title: 'OSO Easy Chair'
  category: 'mobilier'
  collection: 'Peter Fehrentz'
  sizes: ''
  thickness: ''
  material: ''
  finishes: 'Leather Lugano / 2204, Linara / 98 / truffle, Leather Lugano / 0509, Linara /...'
  shape: ''
  description: 'The armchair within the OSO collection beckons to us with a captivating allure. Its inviting embrace...'

  title: 'SOVA Lounge chair'
  category: 'mobilier'
  collection: 'Bernhard M├╝ller'
  sizes: ''
  thickness: ''
  material: ''
  finishes: 'Leather Lugano / 2204, Linara / 98 / truffle, Leather Lugano / 0509, Linara /...'
  shape: ''
  description: 'This is probably the most comfortable thing that can happen to oiled walnut. A lounge chair called S...'


=== omnia (31 products) ===
  title: 'Natural Light Oak'
  category: 'spc'
  collection: 'ECCO MAXI PLANK'
  sizes: '6 (5+1) X 228 X 1540 mm'
  thickness: '0,70mm | 1,00mm'
  material: 'SPC'
  finishes: ''
  shape: ''
  description: 'ECCO MAXI PLANK combines advanced SPC technology and refined design, offering high durability and pe...'

  title: 'Natural Bleached Oak'
  category: 'spc'
  collection: 'ECCO MAXI PLANK'
  sizes: '6 (5+1) X 228 X 1540 mm'
  thickness: '0,70mm | 1,00mm'
  material: 'SPC'
  finishes: ''
  shape: ''
  description: 'ECCO MAXI PLANK combines advanced SPC technology and refined design, offering high durability and pe...'


=== rosa splendiani mobilier (17 products) ===
  title: 'Amalfi - Fotoliu'
  category: 'mobilier'
  collection: 'Amalfi'
  sizes: ''
  thickness: ''
  material: 'Aluminium / Olefin rope'
  finishes: 'Desert Mix, Pearl White'
  shape: ''
  description: 'Con il nuovo modello Amalfi, continuiamo ad esplorare i concetti di leggerezza e funzionalit├á.\n\nLine...'

  title: 'Dakota - Fotoliu'
  category: 'mobilier'
  collection: 'Dakota'
  sizes: ''
  thickness: ''
  material: 'Aluminium / Olefin rope'
  finishes: 'Desert Mix, Pearl White'
  shape: ''
  description: 'The collection Dakota by Rosa Splendiani represents the perfect combination of tradition and innovat...'


=== sanycces (50 products) ===
  title: 'Loop K - Baterie joas─â'
  category: 'sanitare'
  collection: 'Loop K'
  sizes: ''
  thickness: ''
  material: 'Finishes'
  finishes: 'BG Brushed gold, BM Black matt, CR Chrome plate, MG Metal gun, NB Nickel brus...'
  shape: ''
  description: 'Se pot vopsi ├«n orice culoare RAL. Pentru mai multe informa╚¢ii legate de produsele SANYCCES v─â rug─âm...'

  title: 'Loop K - Baterie ├«nalt─â'
  category: 'sanitare'
  collection: 'Loop K'
  sizes: ''
  thickness: ''
  material: 'Finishes'
  finishes: 'BG Brushed gold, BM Black matt, CR Chrome plate, MG Metal gun, NB Nickel brus...'
  shape: ''
  description: 'Se pot vopsi ├«n orice culoare RAL. Pentru mai multe informa╚¢ii legate de produsele SANYCCES v─â rug─âm...'


=== terrazzo italiano (26 products) ===
  title: 'RIO'
  category: 'terrazzo'
  collection: 'Marble-cement'
  sizes: ''
  thickness: ''
  material: 'Marble-cement'
  finishes: 'Polished, Brushed, Honed'
  shape: ''
  description: 'Marble-cement is obtained by mixing marble chipping selected according to their colour and their dim...'

  title: 'PESCATORI'
  category: 'terrazzo'
  collection: 'Marble-cement'
  sizes: ''
  thickness: ''
  material: 'Marble-cement'
  finishes: 'Polished, Brushed, Honed'
  shape: ''
  description: 'Marble-cement is obtained by mixing marble chipping selected according to their colour and their dim...'


=== unikolegno (6 products) ===
  title: 'Tris'
  category: 'parchet'
  collection: 'Tris'
  sizes: ''
  thickness: ''
  material: 'Wood'
  finishes: 'American Elm oiled / varnished, Elite Oak varnished Bruges, American Walnut v...'
  shape: ''
  description: 'The three widths can be arranged as required to play with shapes and create a refined effect. Altern...'

  title: 'Four'
  category: 'parchet'
  collection: 'Four'
  sizes: ''
  thickness: ''
  material: 'Wood'
  finishes: 'Oak varnished Light, Oak varnished E-Matt'
  shape: ''
  description: 'From an elegant mix of four different widths, 70, 90, 110 and 135 mm, a more original and modern ins...'

